['a', 'b', 'c']
['b']
['a']
['a', 'c']
['a', 'b', 'c']
['b']
['a']
['a', 'c']
[('a', 1), ('b', 2), ('c', 3)]
[('b', 2)]
[('a', 1)]
[('a', 1), ('c', 3)]
[('a', 1), ('b', 2), ('c', 3)]
[('b', 2)]
[('a', 1)]
[('a', 1), ('c', 3)]
['a', 'b', 'z']
['a', 'b', 'z']
['a']
['a']
['b']
['z']
['b', 'z']
['b', 'z']
