str-true-branch
str-false-falsy
int-true-branch
int-false-falsy
float-true-branch
float-false-falsy
long-true-branch
long-false-falsy
bytes-true-branch
bytes-false-falsy
list-true-branch
list-false-falsy
dict-true-branch
dict-false-falsy
nullable-true-branch
nullable-false-falsy
optional-true-branch
optional-false-falsy
bool-conv-true-branch
bool-conv-false-falsy
