str-select-truthy:truthy
str-select-falsy:falsy
int-select-truthy:truthy
int-select-falsy:falsy
float-select-truthy:truthy
float-select-falsy:falsy
long-select-truthy:truthy
long-select-falsy:falsy
bytes-select-truthy:truthy
bytes-select-falsy:falsy
list-select-truthy:truthy
list-select-falsy:falsy
dict-select-truthy:truthy
dict-select-falsy:falsy
nullable-select-truthy:truthy
nullable-select-falsy:falsy
optional-select-truthy:truthy
optional-select-falsy:falsy
bool-conv-select-truthy:truthy
bool-conv-select-falsy:falsy
