if:truthy
if-empty:falsy
elif:truthy
elif-empty:falsy
while-count:2
assert:pass
not:falsy
not-empty:truthy
and-lhs:truthy
and-lhs-empty:falsy
and-rhs:truthy
and-rhs-empty:falsy
or-lhs:truthy
or-lhs-empty:falsy
or-rhs:truthy
or-rhs-empty:falsy
ternary:yes
ternary-empty:no
list-comp:2
list-comp-empty:0
set-comp:2
set-comp-empty:0
dict-comp:2
dict-comp-empty:0
guard:42
guard-empty:none
paren-not:falsy
