HTTPConnection.request -1 -> ValueError
requests.get -1 -> ValueError
HTTPConnection.request -1e10 -> OverflowError
requests.get -1e10 -> ValueError
HTTPConnection.request -2.0 -> ValueError
requests.get -2.0 -> ValueError
HTTPConnection.request -0.5 -> ValueError
requests.get -0.5 -> ValueError
HTTPConnection.request -0.001 -> ValueError
requests.get -0.001 -> ValueError
HTTPConnection.request -0.0005 -> ValueError
requests.get -0.0005 -> ValueError
requests.get 0 -> ValueError
HTTPConnection.request 1e10 -> OverflowError
requests.get 1e10 -> OverflowError
