=== Cross-Module Inheritance Test ===

Creating Rectangle:
Shape: my_rect
 Area: 24.0
 Perimeter: 20.0
 Drawing my_rect: rectangle 4.0 x 6.0
 Color: blue

After scaling by 2.0:
 New area: 96.0
 New perimeter: 40.0

Creating Circle:
Shape: my_circle
 Area: 28.27431
 Perimeter: 18.84954
 Drawing my_circle: circle at Point(1.0, 2.0), r=3.0
 Color: red

=== Factory-created shapes ===
rect1: area=15.0
circle1: area=19.63495

=== Test Complete ===
