1
{5, 2}
     5|
     5|
 x =    5|
Template(strings=('', ''), interpolations=(Interpolation(5, ' x', None, ''),))
Template(strings=('', ''), interpolations=(Interpolation(7, "d['k']", None, ''),))
Template(strings=('', ''), interpolations=(Interpolation(1, " {'a': 1}['a']", None, ''),))
Template(strings=('', ''), interpolations=(Interpolation(5, ' x', None, '6'),))
